// Jest Snapshot v1, https://goo.gl/fbAQLP

exports[`renders demo correctly 1`] = `
<div>
  <div>
    <div class="ca2-cell-group ca2-hairline--top-bottom ca2-panel">
      <div class="ca2-cell ca2-panel__header">
        <div class="ca2-cell__title"><span>标题</span>
          <div class="ca2-cell__label">描述信息</div>
        </div>
        <div class="ca2-cell__value ca2-panel__header-value"><span>状态</span></div>
      </div>
      <div class="ca2-panel__content">
        <div>内容</div>
      </div>
    </div>
  </div>
  <div>
    <div class="ca2-cell-group ca2-hairline--top-bottom ca2-panel">
      <div class="ca2-cell ca2-panel__header">
        <div class="ca2-cell__title"><span>标题</span>
          <div class="ca2-cell__label">描述信息</div>
        </div>
        <div class="ca2-cell__value ca2-panel__header-value"><span>状态</span></div>
      </div>
      <div class="ca2-panel__content">
        <div>内容</div>
      </div>
      <div class="ca2-panel__footer ca2-hairline--top"><button class="ca2-button ca2-button--default ca2-button--small"><span class="ca2-button__text">按钮</span></button> <button class="ca2-button ca2-button--danger ca2-button--small"><span class="ca2-button__text">
          按钮
        </span></button></div>
    </div>
  </div>
</div>
`;
