// Jest Snapshot v1, https://goo.gl/fbAQLP

exports[`renders demo correctly 1`] = `
<div>
  <div>
    <div class="zv-cell-group zv-hairline--top-bottom zv-panel">
      <div class="zv-cell zv-panel__header">
        <div class="zv-cell__title"><span>标题</span>
          <div class="zv-cell__label">描述信息</div>
        </div>
        <div class="zv-cell__value zv-panel__header-value"><span>状态</span></div>
      </div>
      <div class="zv-panel__content">
        <div>内容</div>
      </div>
    </div>
  </div>
  <div>
    <div class="zv-cell-group zv-hairline--top-bottom zv-panel">
      <div class="zv-cell zv-panel__header">
        <div class="zv-cell__title"><span>标题</span>
          <div class="zv-cell__label">描述信息</div>
        </div>
        <div class="zv-cell__value zv-panel__header-value"><span>状态</span></div>
      </div>
      <div class="zv-panel__content">
        <div>内容</div>
      </div>
      <div class="zv-panel__footer zv-hairline--top"><button class="zv-button zv-button--default zv-button--small"><span class="zv-button__text">按钮</span></button> <button class="zv-button zv-button--danger zv-button--small"><span class="zv-button__text">
          按钮
        </span></button></div>
    </div>
  </div>
</div>
`;
