// Jest Snapshot v1, https://goo.gl/fbAQLP

exports[`renders demo correctly 1`] = `
<div>
  <div>
    <div class="zv-goods-action">
      <div role="button" tabindex="0" class="zv-goods-action-icon">
        <div class="zv-icon zv-icon-chat-o zv-goods-action-icon__icon">
          <!---->
        </div>客服
      </div>
      <div role="button" tabindex="0" class="zv-goods-action-icon">
        <div class="zv-icon zv-icon-cart-o zv-goods-action-icon__icon">
          <!---->
        </div>购物车
      </div> <button class="zv-button zv-button--warning zv-button--large zv-button--square zv-goods-action-button zv-goods-action-button--first zv-goods-action-button--warning"><span class="zv-button__text">加入购物车</span></button> <button class="zv-button zv-button--danger zv-button--large zv-button--square zv-goods-action-button zv-goods-action-button--last zv-goods-action-button--danger"><span class="zv-button__text">立即购买</span></button>
    </div>
  </div>
  <div>
    <div class="zv-goods-action">
      <div role="button" tabindex="0" class="zv-goods-action-icon">
        <div class="zv-icon zv-icon-chat-o zv-goods-action-icon__icon">
          <div class="zv-info zv-info--dot"></div>
        </div>客服
      </div>
      <div role="button" tabindex="0" class="zv-goods-action-icon">
        <div class="zv-icon zv-icon-cart-o zv-goods-action-icon__icon">
          <div class="zv-info">5</div>
        </div>购物车
      </div>
      <div role="button" tabindex="0" class="zv-goods-action-icon">
        <div class="zv-icon zv-icon-shop-o zv-goods-action-icon__icon">
          <div class="zv-info">12</div>
        </div>店铺
      </div> <button class="zv-button zv-button--warning zv-button--large zv-button--square zv-goods-action-button zv-goods-action-button--first zv-goods-action-button--warning"><span class="zv-button__text">加入购物车</span></button> <button class="zv-button zv-button--danger zv-button--large zv-button--square zv-goods-action-button zv-goods-action-button--last zv-goods-action-button--danger"><span class="zv-button__text">立即购买</span></button>
    </div>
  </div>
  <div>
    <div class="zv-goods-action">
      <div role="button" tabindex="0" class="zv-goods-action-icon">
        <div class="zv-icon zv-icon-chat-o zv-goods-action-icon__icon" style="color: rgb(7, 193, 96);">
          <!---->
        </div>客服
      </div>
      <div role="button" tabindex="0" class="zv-goods-action-icon">
        <div class="zv-icon zv-icon-cart-o zv-goods-action-icon__icon">
          <!---->
        </div>购物车
      </div>
      <div role="button" tabindex="0" class="zv-goods-action-icon">
        <div class="zv-icon zv-icon-star zv-goods-action-icon__icon" style="color: rgb(255, 80, 0);">
          <!---->
        </div>已收藏
      </div> <button class="zv-button zv-button--warning zv-button--large zv-button--square zv-goods-action-button zv-goods-action-button--first zv-goods-action-button--warning"><span class="zv-button__text">加入购物车</span></button> <button class="zv-button zv-button--danger zv-button--large zv-button--square zv-goods-action-button zv-goods-action-button--last zv-goods-action-button--danger"><span class="zv-button__text">立即购买</span></button>
    </div>
  </div>
  <div>
    <div class="zv-goods-action">
      <div role="button" tabindex="0" class="zv-goods-action-icon">
        <div class="zv-icon zv-icon-chat-o zv-goods-action-icon__icon">
          <!---->
        </div>客服
      </div>
      <div role="button" tabindex="0" class="zv-goods-action-icon">
        <div class="zv-icon zv-icon-cart-o zv-goods-action-icon__icon">
          <!---->
        </div>购物车
      </div> <button class="zv-button zv-button--warning zv-button--large zv-button--square zv-goods-action-button zv-goods-action-button--first zv-goods-action-button--warning" style="color: rgb(255, 255, 255); background: rgb(190, 153, 255); border-color: #be99ff;"><span class="zv-button__text">加入购物车</span></button> <button class="zv-button zv-button--danger zv-button--large zv-button--square zv-goods-action-button zv-goods-action-button--last zv-goods-action-button--danger" style="color: rgb(255, 255, 255); background: rgb(114, 50, 221); border-color: #7232dd;"><span class="zv-button__text">立即购买</span></button>
    </div>
  </div>
</div>
`;
