// Jest Snapshot v1, https://goo.gl/fbAQLP

exports[`renders demo correctly 1`] = `
<div>
  <div><button class="zv-button zv-button--primary zv-button--normal"><span class="zv-button__text">
      提示弹窗
    </span></button> <button class="zv-button zv-button--primary zv-button--normal"><span class="zv-button__text">
      提示弹窗（无标题）
    </span></button></div>
  <div><button class="zv-button zv-button--primary zv-button--normal"><span class="zv-button__text">
      确认弹窗
    </span></button></div>
  <div><button class="zv-button zv-button--primary zv-button--normal"><span class="zv-button__text">
      异步关闭
    </span></button></div>
  <div><button class="zv-button zv-button--primary zv-button--normal"><span class="zv-button__text">
      组件调用
    </span></button>
    <div role="dialog" aria-labelledby="标题" class="zv-dialog" style="display: none;" name="zv-dialog-bounce">
      <div class="zv-dialog__header">标题</div>
      <div class="zv-dialog__content"><img src="https://img.yzcdn.cn/vant/apple-3.jpg"></div>
      <div class="zv-hairline--top zv-dialog__footer zv-dialog__footer--buttons"><button class="zv-button zv-button--default zv-button--large zv-dialog__cancel"><span class="zv-button__text">取消</span></button><button class="zv-button zv-button--default zv-button--large zv-dialog__confirm zv-hairline--left"><span class="zv-button__text">确认弹窗</span></button></div>
    </div>
  </div>
</div>
`;
