// Jest Snapshot v1, https://goo.gl/fbAQLP

exports[`renders demo correctly 1`] = `
<div>
  <div><button class="zv-button zv-button--danger zv-button--normal"><span class="zv-button__text">基础用法</span></button></div>
  <div>
    <div style="margin-bottom: 15px;"><button class="zv-button zv-button--info zv-button--normal"><span class="zv-button__text">主要通知</span></button> <button class="zv-button zv-button--primary zv-button--normal"><span class="zv-button__text">成功通知</span></button></div> <button class="zv-button zv-button--danger zv-button--normal"><span class="zv-button__text">危险通知</span></button> <button class="zv-button zv-button--warning zv-button--normal"><span class="zv-button__text">警告通知</span></button>
  </div>
  <div><button class="zv-button zv-button--primary zv-button--normal"><span class="zv-button__text">自定义颜色</span></button> <button class="zv-button zv-button--primary zv-button--normal"><span class="zv-button__text">自定义时长</span></button></div>
</div>
`;
