// Jest Snapshot v1, https://goo.gl/fbAQLP

exports[`renders demo correctly 1`] = `
<div>
  <div>
    <div role="button" tabindex="0" class="ca2-cell ca2-cell--clickable ca2-coupon-cell">
      <div class="ca2-cell__title"><span>优惠券</span></div>
      <div class="ca2-cell__value"><span>2张可用</span></div><i class="ca2-icon ca2-icon-arrow ca2-cell__right-icon">
        <!----></i>
    </div>
    <!---->
  </div>
</div>
`;
