// Jest Snapshot v1, https://goo.gl/fbAQLP

exports[`renders demo correctly 1`] = `
<div>
  <div>
    <div class="zv-grid zv-hairline--top">
      <div class="zv-grid-item" style="flex-basis: 25%;">
        <div class="zv-grid-item__content zv-grid-item__content--center zv-hairline"><i class="zv-icon zv-icon-photo-o zv-grid-item__icon">
            <!----></i><span class="zv-grid-item__text">文字</span></div>
      </div>
      <div class="zv-grid-item" style="flex-basis: 25%;">
        <div class="zv-grid-item__content zv-grid-item__content--center zv-hairline"><i class="zv-icon zv-icon-photo-o zv-grid-item__icon">
            <!----></i><span class="zv-grid-item__text">文字</span></div>
      </div>
      <div class="zv-grid-item" style="flex-basis: 25%;">
        <div class="zv-grid-item__content zv-grid-item__content--center zv-hairline"><i class="zv-icon zv-icon-photo-o zv-grid-item__icon">
            <!----></i><span class="zv-grid-item__text">文字</span></div>
      </div>
      <div class="zv-grid-item" style="flex-basis: 25%;">
        <div class="zv-grid-item__content zv-grid-item__content--center zv-hairline"><i class="zv-icon zv-icon-photo-o zv-grid-item__icon">
            <!----></i><span class="zv-grid-item__text">文字</span></div>
      </div>
    </div>
  </div>
  <div>
    <div class="zv-grid zv-hairline--top">
      <div class="zv-grid-item" style="flex-basis: 33.333333333333336%;">
        <div class="zv-grid-item__content zv-grid-item__content--center zv-hairline"><i class="zv-icon zv-icon-photo-o zv-grid-item__icon">
            <!----></i><span class="zv-grid-item__text">文字</span></div>
      </div>
      <div class="zv-grid-item" style="flex-basis: 33.333333333333336%;">
        <div class="zv-grid-item__content zv-grid-item__content--center zv-hairline"><i class="zv-icon zv-icon-photo-o zv-grid-item__icon">
            <!----></i><span class="zv-grid-item__text">文字</span></div>
      </div>
      <div class="zv-grid-item" style="flex-basis: 33.333333333333336%;">
        <div class="zv-grid-item__content zv-grid-item__content--center zv-hairline"><i class="zv-icon zv-icon-photo-o zv-grid-item__icon">
            <!----></i><span class="zv-grid-item__text">文字</span></div>
      </div>
      <div class="zv-grid-item" style="flex-basis: 33.333333333333336%;">
        <div class="zv-grid-item__content zv-grid-item__content--center zv-hairline"><i class="zv-icon zv-icon-photo-o zv-grid-item__icon">
            <!----></i><span class="zv-grid-item__text">文字</span></div>
      </div>
      <div class="zv-grid-item" style="flex-basis: 33.333333333333336%;">
        <div class="zv-grid-item__content zv-grid-item__content--center zv-hairline"><i class="zv-icon zv-icon-photo-o zv-grid-item__icon">
            <!----></i><span class="zv-grid-item__text">文字</span></div>
      </div>
      <div class="zv-grid-item" style="flex-basis: 33.333333333333336%;">
        <div class="zv-grid-item__content zv-grid-item__content--center zv-hairline"><i class="zv-icon zv-icon-photo-o zv-grid-item__icon">
            <!----></i><span class="zv-grid-item__text">文字</span></div>
      </div>
    </div>
  </div>
  <div>
    <div class="zv-grid">
      <div class="zv-grid-item" style="flex-basis: 33.333333333333336%;">
        <div class="zv-grid-item__content zv-grid-item__content--center">
          <div class="zv-image"><img src="https://img.yzcdn.cn/vant/apple-1.jpg" class="zv-image__img" style="object-fit: contain;">
            <div class="zv-image__loading"><i class="zv-icon zv-icon-photo-o zv-image__loading-icon">
                <!----></i></div>
          </div>
        </div>
      </div>
      <div class="zv-grid-item" style="flex-basis: 33.333333333333336%;">
        <div class="zv-grid-item__content zv-grid-item__content--center">
          <div class="zv-image"><img src="https://img.yzcdn.cn/vant/apple-2.jpg" class="zv-image__img" style="object-fit: contain;">
            <div class="zv-image__loading"><i class="zv-icon zv-icon-photo-o zv-image__loading-icon">
                <!----></i></div>
          </div>
        </div>
      </div>
      <div class="zv-grid-item" style="flex-basis: 33.333333333333336%;">
        <div class="zv-grid-item__content zv-grid-item__content--center">
          <div class="zv-image"><img src="https://img.yzcdn.cn/vant/apple-3.jpg" class="zv-image__img" style="object-fit: contain;">
            <div class="zv-image__loading"><i class="zv-icon zv-icon-photo-o zv-image__loading-icon">
                <!----></i></div>
          </div>
        </div>
      </div>
    </div>
  </div>
  <div>
    <div class="zv-grid zv-hairline--top">
      <div class="zv-grid-item zv-grid-item--square" style="flex-basis: 25%; padding-top: 25%;">
        <div class="zv-grid-item__content zv-grid-item__content--center zv-grid-item__content--square zv-hairline"><i class="zv-icon zv-icon-photo-o zv-grid-item__icon">
            <!----></i><span class="zv-grid-item__text">文字</span></div>
      </div>
      <div class="zv-grid-item zv-grid-item--square" style="flex-basis: 25%; padding-top: 25%;">
        <div class="zv-grid-item__content zv-grid-item__content--center zv-grid-item__content--square zv-hairline"><i class="zv-icon zv-icon-photo-o zv-grid-item__icon">
            <!----></i><span class="zv-grid-item__text">文字</span></div>
      </div>
      <div class="zv-grid-item zv-grid-item--square" style="flex-basis: 25%; padding-top: 25%;">
        <div class="zv-grid-item__content zv-grid-item__content--center zv-grid-item__content--square zv-hairline"><i class="zv-icon zv-icon-photo-o zv-grid-item__icon">
            <!----></i><span class="zv-grid-item__text">文字</span></div>
      </div>
      <div class="zv-grid-item zv-grid-item--square" style="flex-basis: 25%; padding-top: 25%;">
        <div class="zv-grid-item__content zv-grid-item__content--center zv-grid-item__content--square zv-hairline"><i class="zv-icon zv-icon-photo-o zv-grid-item__icon">
            <!----></i><span class="zv-grid-item__text">文字</span></div>
      </div>
      <div class="zv-grid-item zv-grid-item--square" style="flex-basis: 25%; padding-top: 25%;">
        <div class="zv-grid-item__content zv-grid-item__content--center zv-grid-item__content--square zv-hairline"><i class="zv-icon zv-icon-photo-o zv-grid-item__icon">
            <!----></i><span class="zv-grid-item__text">文字</span></div>
      </div>
      <div class="zv-grid-item zv-grid-item--square" style="flex-basis: 25%; padding-top: 25%;">
        <div class="zv-grid-item__content zv-grid-item__content--center zv-grid-item__content--square zv-hairline"><i class="zv-icon zv-icon-photo-o zv-grid-item__icon">
            <!----></i><span class="zv-grid-item__text">文字</span></div>
      </div>
      <div class="zv-grid-item zv-grid-item--square" style="flex-basis: 25%; padding-top: 25%;">
        <div class="zv-grid-item__content zv-grid-item__content--center zv-grid-item__content--square zv-hairline"><i class="zv-icon zv-icon-photo-o zv-grid-item__icon">
            <!----></i><span class="zv-grid-item__text">文字</span></div>
      </div>
      <div class="zv-grid-item zv-grid-item--square" style="flex-basis: 25%; padding-top: 25%;">
        <div class="zv-grid-item__content zv-grid-item__content--center zv-grid-item__content--square zv-hairline"><i class="zv-icon zv-icon-photo-o zv-grid-item__icon">
            <!----></i><span class="zv-grid-item__text">文字</span></div>
      </div>
    </div>
  </div>
  <div>
    <div class="zv-grid" style="padding-left: 10px;">
      <div class="zv-grid-item" style="flex-basis: 25%; padding-right: 10px;">
        <div class="zv-grid-item__content zv-grid-item__content--center zv-grid-item__content--surround zv-hairline"><i class="zv-icon zv-icon-photo-o zv-grid-item__icon">
            <!----></i><span class="zv-grid-item__text">文字</span></div>
      </div>
      <div class="zv-grid-item" style="flex-basis: 25%; padding-right: 10px;">
        <div class="zv-grid-item__content zv-grid-item__content--center zv-grid-item__content--surround zv-hairline"><i class="zv-icon zv-icon-photo-o zv-grid-item__icon">
            <!----></i><span class="zv-grid-item__text">文字</span></div>
      </div>
      <div class="zv-grid-item" style="flex-basis: 25%; padding-right: 10px;">
        <div class="zv-grid-item__content zv-grid-item__content--center zv-grid-item__content--surround zv-hairline"><i class="zv-icon zv-icon-photo-o zv-grid-item__icon">
            <!----></i><span class="zv-grid-item__text">文字</span></div>
      </div>
      <div class="zv-grid-item" style="flex-basis: 25%; padding-right: 10px;">
        <div class="zv-grid-item__content zv-grid-item__content--center zv-grid-item__content--surround zv-hairline"><i class="zv-icon zv-icon-photo-o zv-grid-item__icon">
            <!----></i><span class="zv-grid-item__text">文字</span></div>
      </div>
      <div class="zv-grid-item" style="flex-basis: 25%; padding-right: 10px; margin-top: 10px;">
        <div class="zv-grid-item__content zv-grid-item__content--center zv-grid-item__content--surround zv-hairline"><i class="zv-icon zv-icon-photo-o zv-grid-item__icon">
            <!----></i><span class="zv-grid-item__text">文字</span></div>
      </div>
      <div class="zv-grid-item" style="flex-basis: 25%; padding-right: 10px; margin-top: 10px;">
        <div class="zv-grid-item__content zv-grid-item__content--center zv-grid-item__content--surround zv-hairline"><i class="zv-icon zv-icon-photo-o zv-grid-item__icon">
            <!----></i><span class="zv-grid-item__text">文字</span></div>
      </div>
      <div class="zv-grid-item" style="flex-basis: 25%; padding-right: 10px; margin-top: 10px;">
        <div class="zv-grid-item__content zv-grid-item__content--center zv-grid-item__content--surround zv-hairline"><i class="zv-icon zv-icon-photo-o zv-grid-item__icon">
            <!----></i><span class="zv-grid-item__text">文字</span></div>
      </div>
      <div class="zv-grid-item" style="flex-basis: 25%; padding-right: 10px; margin-top: 10px;">
        <div class="zv-grid-item__content zv-grid-item__content--center zv-grid-item__content--surround zv-hairline"><i class="zv-icon zv-icon-photo-o zv-grid-item__icon">
            <!----></i><span class="zv-grid-item__text">文字</span></div>
      </div>
    </div>
  </div>
  <div>
    <div class="zv-grid zv-hairline--top">
      <div class="zv-grid-item" style="flex-basis: 50%;">
        <div role="button" tabindex="0" class="zv-grid-item__content zv-grid-item__content--center zv-grid-item__content--clickable zv-hairline"><i class="zv-icon zv-icon-home-o zv-grid-item__icon">
            <!----></i><span class="zv-grid-item__text">路由跳转</span></div>
      </div>
      <div class="zv-grid-item" style="flex-basis: 50%;">
        <div role="button" tabindex="0" class="zv-grid-item__content zv-grid-item__content--center zv-grid-item__content--clickable zv-hairline"><i class="zv-icon zv-icon-search zv-grid-item__icon">
            <!----></i><span class="zv-grid-item__text">URL 跳转</span></div>
      </div>
    </div>
  </div>
  <div>
    <div class="zv-grid zv-hairline--top">
      <div class="zv-grid-item" style="flex-basis: 50%;">
        <div class="zv-grid-item__content zv-grid-item__content--center zv-hairline"><i class="zv-icon zv-icon-home-o zv-grid-item__icon">
            <div class="zv-info zv-info--dot"></div>
          </i><span class="zv-grid-item__text">文字</span></div>
      </div>
      <div class="zv-grid-item" style="flex-basis: 50%;">
        <div class="zv-grid-item__content zv-grid-item__content--center zv-hairline"><i class="zv-icon zv-icon-search zv-grid-item__icon">
            <div class="zv-info">99+</div>
          </i><span class="zv-grid-item__text">文字</span></div>
      </div>
    </div>
  </div>
</div>
`;
