// Jest Snapshot v1, https://goo.gl/fbAQLP

exports[`renders demo correctly 1`] = `
<div>
  <div>
    <div class="zv-steps zv-steps--horizontal">
      <div class="zv-steps__items">
        <div class="zv-hairline zv-step zv-step--horizontal zv-step--finish">
          <div class="zv-step__title">买家下单</div>
          <div class="zv-step__circle-container"><i class="zv-step__circle"></i></div>
          <div class="zv-step__line"></div>
        </div>
        <div class="zv-hairline zv-step zv-step--horizontal zv-step--process">
          <div class="zv-step__title zv-step__title--active">商家接单</div>
          <div class="zv-step__circle-container"><i class="zv-icon zv-icon-checked zv-step__icon zv-step__icon--active">
              <!----></i></div>
          <div class="zv-step__line"></div>
        </div>
        <div class="zv-hairline zv-step zv-step--horizontal">
          <div class="zv-step__title">买家提货</div>
          <div class="zv-step__circle-container"><i class="zv-step__circle"></i></div>
          <div class="zv-step__line"></div>
        </div>
        <div class="zv-hairline zv-step zv-step--horizontal">
          <div class="zv-step__title">交易完成</div>
          <div class="zv-step__circle-container"><i class="zv-step__circle"></i></div>
          <div class="zv-step__line"></div>
        </div>
      </div>
    </div> <button class="zv-button zv-button--default zv-button--normal"><span class="zv-button__text">下一步</span></button>
  </div>
  <div>
    <div class="zv-steps zv-steps--horizontal">
      <div class="zv-steps__items">
        <div class="zv-hairline zv-step zv-step--horizontal zv-step--finish">
          <div class="zv-step__title">买家下单</div>
          <div class="zv-step__circle-container"><i class="zv-icon zv-icon-arrow zv-step__icon">
              <!----></i></div>
          <div class="zv-step__line" style="background: rgb(51, 136, 255);"></div>
        </div>
        <div class="zv-hairline zv-step zv-step--horizontal zv-step--process">
          <div class="zv-step__title zv-step__title--active" style="color: rgb(51, 136, 255);">商家接单</div>
          <div class="zv-step__circle-container"><i class="zv-icon zv-icon-success zv-step__icon zv-step__icon--active" style="color: rgb(51, 136, 255);">
              <!----></i></div>
          <div class="zv-step__line"></div>
        </div>
        <div class="zv-hairline zv-step zv-step--horizontal">
          <div class="zv-step__title">买家提货</div>
          <div class="zv-step__circle-container"><i class="zv-icon zv-icon-arrow zv-step__icon">
              <!----></i></div>
          <div class="zv-step__line"></div>
        </div>
        <div class="zv-hairline zv-step zv-step--horizontal">
          <div class="zv-step__title">交易完成</div>
          <div class="zv-step__circle-container"><i class="zv-icon zv-icon-arrow zv-step__icon">
              <!----></i></div>
          <div class="zv-step__line"></div>
        </div>
      </div>
    </div>
  </div>
  <div>
    <div class="zv-steps zv-steps--vertical">
      <div class="zv-steps__items">
        <div class="zv-hairline zv-step zv-step--vertical zv-step--process">
          <div class="zv-step__title zv-step__title--active">
            <h3>【城市】物流状态1</h3>
            <p>2016-07-12 12:40</p>
          </div>
          <div class="zv-step__circle-container"><i class="zv-icon zv-icon-checked zv-step__icon zv-step__icon--active">
              <!----></i></div>
          <div class="zv-step__line"></div>
        </div>
        <div class="zv-hairline zv-step zv-step--vertical">
          <div class="zv-step__title">
            <h3>【城市】物流状态</h3>
            <p>2016-07-11 10:00</p>
          </div>
          <div class="zv-step__circle-container"><i class="zv-step__circle"></i></div>
          <div class="zv-step__line"></div>
        </div>
        <div class="zv-hairline zv-step zv-step--vertical">
          <div class="zv-step__title">
            <h3>快件已发货</h3>
            <p>2016-07-10 09:30</p>
          </div>
          <div class="zv-step__circle-container"><i class="zv-step__circle"></i></div>
          <div class="zv-step__line"></div>
        </div>
      </div>
    </div>
  </div>
</div>
`;
