// Jest Snapshot v1, https://goo.gl/fbAQLP

exports[`icon slot 1`] = `
<div class="zv-steps zv-steps--horizontal">
  <div class="zv-steps__items">
    <div class="zv-hairline zv-step zv-step--horizontal zv-step--finish">
      <div class="zv-step__title">
        A
      </div>
      <div class="zv-step__circle-container">Custim Inactive Icon</div>
      <div class="zv-step__line"></div>
    </div>
    <div class="zv-hairline zv-step zv-step--horizontal zv-step--process">
      <div class="zv-step__title zv-step__title--active">
        B
      </div>
      <div class="zv-step__circle-container">Custim Active Icon</div>
      <div class="zv-step__line"></div>
    </div>
    <div class="zv-hairline zv-step zv-step--horizontal">
      <div class="zv-step__title">
        C
      </div>
      <div class="zv-step__circle-container">Custim Inactive Icon</div>
      <div class="zv-step__line"></div>
    </div>
  </div>
</div>
`;
