// Jest Snapshot v1, https://goo.gl/fbAQLP

exports[`renders demo correctly 1`] = `
<div>
  <div>
    <ul class="zv-pagination">
      <li class="zv-pagination__item zv-pagination__item--disabled zv-pagination__prev zv-hairline">上一页</li>
      <li class="zv-pagination__item zv-pagination__item--active zv-pagination__page zv-hairline">1</li>
      <li class="zv-pagination__item zv-pagination__page zv-hairline">2</li>
      <li class="zv-pagination__item zv-pagination__page zv-hairline">3</li>
      <li class="zv-pagination__item zv-pagination__page zv-hairline">4</li>
      <li class="zv-pagination__item zv-pagination__page zv-hairline">5</li>
      <li class="zv-pagination__item zv-pagination__next zv-hairline">下一页</li>
    </ul>
  </div>
  <div>
    <ul class="zv-pagination zv-pagination--simple" size="small">
      <li class="zv-pagination__item zv-pagination__item--disabled zv-pagination__prev zv-hairline">上一页</li>
      <li class="zv-pagination__page-desc">1/12</li>
      <li class="zv-pagination__item zv-pagination__next zv-hairline">下一页</li>
    </ul>
  </div>
  <div>
    <ul class="zv-pagination">
      <li class="zv-pagination__item zv-pagination__item--disabled zv-pagination__prev zv-hairline">上一页</li>
      <li class="zv-pagination__item zv-pagination__item--active zv-pagination__page zv-hairline">1</li>
      <li class="zv-pagination__item zv-pagination__page zv-hairline">2</li>
      <li class="zv-pagination__item zv-pagination__page zv-hairline">3</li>
      <li class="zv-pagination__item zv-pagination__page zv-hairline">...</li>
      <li class="zv-pagination__item zv-pagination__next zv-hairline">下一页</li>
    </ul>
  </div>
</div>
`;
