// Jest Snapshot v1, https://goo.gl/fbAQLP

exports[`renders demo correctly 1`] = `
<div>
  <div>
    <ul class="ca2-pagination">
      <li class="ca2-pagination__item ca2-pagination__item--disabled ca2-pagination__prev ca2-hairline">上一页</li>
      <li class="ca2-pagination__item ca2-pagination__item--active ca2-pagination__page ca2-hairline">1</li>
      <li class="ca2-pagination__item ca2-pagination__page ca2-hairline">2</li>
      <li class="ca2-pagination__item ca2-pagination__page ca2-hairline">3</li>
      <li class="ca2-pagination__item ca2-pagination__page ca2-hairline">4</li>
      <li class="ca2-pagination__item ca2-pagination__page ca2-hairline">5</li>
      <li class="ca2-pagination__item ca2-pagination__next ca2-hairline">下一页</li>
    </ul>
  </div>
  <div>
    <ul class="ca2-pagination ca2-pagination--simple" size="small">
      <li class="ca2-pagination__item ca2-pagination__item--disabled ca2-pagination__prev ca2-hairline">上一页</li>
      <li class="ca2-pagination__page-desc">1/12</li>
      <li class="ca2-pagination__item ca2-pagination__next ca2-hairline">下一页</li>
    </ul>
  </div>
  <div>
    <ul class="ca2-pagination">
      <li class="ca2-pagination__item ca2-pagination__item--disabled ca2-pagination__prev ca2-hairline">上一页</li>
      <li class="ca2-pagination__item ca2-pagination__item--active ca2-pagination__page ca2-hairline">1</li>
      <li class="ca2-pagination__item ca2-pagination__page ca2-hairline">2</li>
      <li class="ca2-pagination__item ca2-pagination__page ca2-hairline">3</li>
      <li class="ca2-pagination__item ca2-pagination__page ca2-hairline">...</li>
      <li class="ca2-pagination__item ca2-pagination__next ca2-hairline">下一页</li>
    </ul>
  </div>
</div>
`;
