// Jest Snapshot v1, https://goo.gl/fbAQLP

exports[`renders demo correctly 1`] = `
<div>
  <div>
    <div class="ca2-card">
      <div class="ca2-card__header"><a class="ca2-card__thumb">
          <div class="ca2-image" style="width: 100%; height: 100%;"><img src="https://img.yzcdn.cn/vant/ipad.jpeg" class="ca2-image__img" style="object-fit: cover;">
            <div class="ca2-image__loading"><i class="ca2-icon ca2-icon-photo-o ca2-image__loading-icon">
                <!----></i></div>
          </div>
        </a>
        <div class="ca2-card__content">
          <div>
            <div class="ca2-card__title ca2-multi-ellipsis--l2">商品名称</div>
            <div class="ca2-card__desc ca2-ellipsis">描述信息</div>
          </div>
          <div class="ca2-card__bottom">
            <div class="ca2-card__price">
              <div><span class="ca2-card__price-currency">¥</span><span class="ca2-card__price-integer">2</span>.<span class="ca2-card__price-decimal">00</span></div>
            </div>
            <div class="ca2-card__num">x2</div>
          </div>
        </div>
      </div>
    </div>
  </div>
  <div>
    <div class="ca2-card">
      <div class="ca2-card__header"><a class="ca2-card__thumb">
          <div class="ca2-image" style="width: 100%; height: 100%;"><img src="https://img.yzcdn.cn/vant/ipad.jpeg" class="ca2-image__img" style="object-fit: cover;">
            <div class="ca2-image__loading"><i class="ca2-icon ca2-icon-photo-o ca2-image__loading-icon">
                <!----></i></div>
          </div>
          <div class="ca2-card__tag"><span class="ca2-tag ca2-tag--mark ca2-tag--danger">标签</span></div>
        </a>
        <div class="ca2-card__content">
          <div>
            <div class="ca2-card__title ca2-multi-ellipsis--l2">商品名称</div>
            <div class="ca2-card__desc ca2-ellipsis">描述信息</div>
          </div>
          <div class="ca2-card__bottom">
            <div class="ca2-card__price">
              <div><span class="ca2-card__price-currency">¥</span><span class="ca2-card__price-integer">2</span>.<span class="ca2-card__price-decimal">00</span></div>
            </div>
            <div class="ca2-card__origin-price">¥ 10.00</div>
            <div class="ca2-card__num">x2</div>
          </div>
        </div>
      </div>
    </div>
  </div>
  <div>
    <div class="ca2-card">
      <div class="ca2-card__header"><a class="ca2-card__thumb">
          <div class="ca2-image" style="width: 100%; height: 100%;"><img src="https://img.yzcdn.cn/vant/ipad.jpeg" class="ca2-image__img" style="object-fit: cover;">
            <div class="ca2-image__loading"><i class="ca2-icon ca2-icon-photo-o ca2-image__loading-icon">
                <!----></i></div>
          </div>
        </a>
        <div class="ca2-card__content">
          <div>
            <div class="ca2-card__title ca2-multi-ellipsis--l2">商品名称</div>
            <div class="ca2-card__desc ca2-ellipsis">描述信息</div>
            <div><span class="ca2-tag ca2-tag--plain ca2-tag--danger ca2-hairline--surround" style="margin-right: 5px;">
            标签
          </span> <span class="ca2-tag ca2-tag--plain ca2-tag--danger ca2-hairline--surround">
            标签
          </span></div>
          </div>
          <div class="ca2-card__bottom">
            <div class="ca2-card__price">
              <div><span class="ca2-card__price-currency">¥</span><span class="ca2-card__price-integer">2</span>.<span class="ca2-card__price-decimal">00</span></div>
            </div>
            <div class="ca2-card__num">x2</div>
          </div>
        </div>
      </div>
      <div class="ca2-card__footer">
        <div><button class="ca2-button ca2-button--default ca2-button--mini ca2-button--round"><span class="ca2-button__text">
            按钮
          </span></button> <button class="ca2-button ca2-button--default ca2-button--mini ca2-button--round"><span class="ca2-button__text">
            按钮
          </span></button></div>
      </div>
    </div>
  </div>
</div>
`;
