// Jest Snapshot v1, https://goo.gl/fbAQLP

exports[`renders demo correctly 1`] = `
<div>
  <div>
    <div class="zv-password-input">
      <ul class="zv-password-input__security zv-hairline--surround">
        <li class=""><i style="visibility: visible;"></i></li>
        <li class="zv-hairline--left"><i style="visibility: visible;"></i></li>
        <li class="zv-hairline--left"><i style="visibility: visible;"></i></li>
        <li class="zv-hairline--left"><i style="visibility: hidden;"></i>
          <div class="zv-password-input__cursor"></div>
        </li>
        <li class="zv-hairline--left"><i style="visibility: hidden;"></i></li>
        <li class="zv-hairline--left"><i style="visibility: hidden;"></i></li>
      </ul>
      <div class="zv-password-input__info">密码为 6 位数字</div>
    </div>
    <div class="zv-number-keyboard zv-number-keyboard--default zv-number-keyboard--safe-area-inset-bottom" name="zv-slide-up">
      <div class="zv-number-keyboard__body"><i role="button" tabindex="0" class="zv-hairline zv-key">1</i><i role="button" tabindex="0" class="zv-hairline zv-key">2</i><i role="button" tabindex="0" class="zv-hairline zv-key">3</i><i role="button" tabindex="0" class="zv-hairline zv-key">4</i><i role="button" tabindex="0" class="zv-hairline zv-key">5</i><i role="button" tabindex="0" class="zv-hairline zv-key">6</i><i role="button" tabindex="0" class="zv-hairline zv-key">7</i><i role="button" tabindex="0" class="zv-hairline zv-key">8</i><i role="button" tabindex="0" class="zv-hairline zv-key">9</i><i role="button" tabindex="0" class="zv-hairline zv-key zv-key--gray zv-key--extra"></i><i role="button" tabindex="0" class="zv-hairline zv-key">0</i><i role="button" tabindex="0" class="zv-hairline zv-key zv-key--gray zv-key--delete">删除</i></div>
    </div>
  </div>
  <div>
    <div class="zv-password-input">
      <ul class="zv-password-input__security">
        <li class=""><i style="visibility: visible;"></i></li>
        <li class="" style="margin-left: 15px;"><i style="visibility: visible;"></i></li>
        <li class="" style="margin-left: 15px;"><i style="visibility: visible;"></i></li>
        <li class="" style="margin-left: 15px;"><i style="visibility: hidden;"></i></li>
      </ul>
    </div>
  </div>
  <div>
    <div class="zv-password-input">
      <ul class="zv-password-input__security zv-hairline--surround">
        <li class="">1</li>
        <li class="zv-hairline--left">2</li>
        <li class="zv-hairline--left">3</li>
        <li class="zv-hairline--left"></li>
        <li class="zv-hairline--left"></li>
        <li class="zv-hairline--left"></li>
      </ul>
    </div>
  </div>
  <div>
    <div class="zv-password-input">
      <ul class="zv-password-input__security zv-hairline--surround">
        <li class=""><i style="visibility: visible;"></i></li>
        <li class="zv-hairline--left"><i style="visibility: visible;"></i></li>
        <li class="zv-hairline--left"><i style="visibility: visible;"></i></li>
        <li class="zv-hairline--left"><i style="visibility: hidden;"></i></li>
        <li class="zv-hairline--left"><i style="visibility: hidden;"></i></li>
        <li class="zv-hairline--left"><i style="visibility: hidden;"></i></li>
      </ul>
    </div>
  </div>
</div>
`;
