// Jest Snapshot v1, https://goo.gl/fbAQLP

exports[`renders demo correctly 1`] = `
<div>
  <div>
    <div role="button" tabindex="0" class="zv-cell zv-cell--clickable zv-cell--center zv-cell--borderless zv-contact-card zv-contact-card--add"><i class="zv-icon zv-icon-add-square zv-cell__left-icon">
        <!----></i>
      <div class="zv-cell__value zv-cell__value--alone zv-contact-card__value">添加联系人</div><i class="zv-icon zv-icon-arrow zv-cell__right-icon">
        <!----></i>
    </div>
    <div class="zv-popup zv-popup--bottom" style="display: none;" name="zv-popup-slide-bottom">
      <div class="zv-contact-list">
        <div role="radiogroup" class="zv-radio-group zv-contact-list__group">
          <div role="button" tabindex="0" class="zv-cell zv-cell--clickable zv-cell--center zv-contact-list__item"><i class="zv-icon zv-icon-edit zv-contact-list__edit">
              <!----></i>
            <div class="zv-cell__value zv-cell__value--alone zv-contact-list__item-value">张三，13000000000<span class="zv-tag zv-tag--round zv-tag--danger zv-contact-list__item-tag">默认</span></div>
            <div role="radio" tabindex="-1" aria-checked="false" class="zv-radio">
              <div class="zv-radio__icon zv-radio__icon--round" style="font-size: 16px;"><i class="zv-icon zv-icon-success">
                  <!----></i></div>
            </div>
          </div>
        </div>
        <div class="zv-contact-list__bottom"><button class="zv-button zv-button--danger zv-button--normal zv-button--block zv-button--round zv-contact-list__add"><span class="zv-button__text">新建联系人</span></button></div>
      </div>
    </div>
    <div class="zv-popup zv-popup--bottom" style="display: none;" name="zv-popup-slide-bottom">
      <div class="zv-contact-edit">
        <div class="zv-contact-edit__fields">
          <div class="zv-cell zv-field">
            <div class="zv-cell__title zv-field__label"><span>张三</span></div>
            <div class="zv-cell__value zv-field__value">
              <div class="zv-field__body"><input type="text" placeholder="请填写姓名" class="zv-field__control"></div>
            </div>
          </div>
          <div class="zv-cell zv-field">
            <div class="zv-cell__title zv-field__label"><span>电话</span></div>
            <div class="zv-cell__value zv-field__value">
              <div class="zv-field__body"><input type="tel" placeholder="请填写电话" class="zv-field__control"></div>
            </div>
          </div>
        </div>
        <div class="zv-cell zv-cell--borderless zv-contact-edit__switch-cell">
          <div class="zv-cell__title"><span>设为默认联系人</span></div>
          <div class="zv-cell__value">
            <div role="switch" aria-checked="false" class="zv-switch" style="font-size: 24px;">
              <div class="zv-switch__node"></div>
            </div>
          </div>
        </div>
        <div class="zv-contact-edit__buttons"><button class="zv-button zv-button--danger zv-button--normal zv-button--block zv-button--round"><span class="zv-button__text">保存</span></button></div>
      </div>
    </div>
  </div>
  <div>
    <div class="zv-cell zv-cell--center zv-cell--borderless zv-contact-card zv-contact-card--edit"><i class="zv-icon zv-icon-contact zv-cell__left-icon">
        <!----></i>
      <div class="zv-cell__value zv-cell__value--alone zv-contact-card__value">
        <div>张三：张三</div>
        <div>电话：13000000000</div>
      </div>
    </div>
  </div>
</div>
`;
