// Jest Snapshot v1, https://goo.gl/fbAQLP

exports[`renders demo correctly 1`] = `
<div>
  <div>
    <form class="zv-form">
      <div class="zv-cell zv-field">
        <div class="zv-cell__title zv-field__label"><span>用户名</span></div>
        <div class="zv-cell__value zv-field__value">
          <div class="zv-field__body"><input type="text" name="username" placeholder="用户名" class="zv-field__control"></div>
        </div>
      </div>
      <div class="zv-cell zv-field">
        <div class="zv-cell__title zv-field__label"><span>密码</span></div>
        <div class="zv-cell__value zv-field__value">
          <div class="zv-field__body"><input type="password" name="password" placeholder="密码" class="zv-field__control"></div>
        </div>
      </div>
      <div style="margin: 16px 16px 0px;"><button type="submit" class="zv-button zv-button--info zv-button--normal zv-button--block zv-button--round"><span class="zv-button__text">
        提交
      </span></button></div>
    </form>
  </div>
  <div>
    <form class="zv-form">
      <div class="zv-cell zv-field">
        <div class="zv-cell__title zv-field__label"><span>文本</span></div>
        <div class="zv-cell__value zv-field__value">
          <div class="zv-field__body"><input type="text" name="pattern" placeholder="正则校验" class="zv-field__control"></div>
        </div>
      </div>
      <div class="zv-cell zv-field">
        <div class="zv-cell__title zv-field__label"><span>文本</span></div>
        <div class="zv-cell__value zv-field__value">
          <div class="zv-field__body"><input type="text" name="validator" placeholder="函数校验" class="zv-field__control"></div>
        </div>
      </div>
      <div class="zv-cell zv-field">
        <div class="zv-cell__title zv-field__label"><span>文本</span></div>
        <div class="zv-cell__value zv-field__value">
          <div class="zv-field__body"><input type="text" name="asyncValidator" placeholder="异步函数校验" class="zv-field__control"></div>
        </div>
      </div>
      <div style="margin: 16px 16px 0px;"><button type="submit" class="zv-button zv-button--info zv-button--normal zv-button--block zv-button--round"><span class="zv-button__text">
        提交
      </span></button></div>
    </form>
  </div>
  <div>
    <form class="zv-form">
      <div class="zv-cell zv-field">
        <div class="zv-cell__title zv-field__label"><span>开关</span></div>
        <div class="zv-cell__value zv-field__value">
          <div class="zv-field__body">
            <div class="zv-field__control zv-field__control--custom">
              <div role="switch" aria-checked="false" class="zv-switch" style="font-size: 20px;">
                <div class="zv-switch__node"></div>
              </div>
            </div>
          </div>
        </div>
      </div>
      <div class="zv-cell zv-field">
        <div class="zv-cell__title zv-field__label"><span>复选框</span></div>
        <div class="zv-cell__value zv-field__value">
          <div class="zv-field__body">
            <div class="zv-field__control zv-field__control--custom">
              <div role="checkbox" tabindex="0" aria-checked="false" class="zv-checkbox">
                <div class="zv-checkbox__icon zv-checkbox__icon--square"><i class="zv-icon zv-icon-success">
                    <!----></i></div>
              </div>
            </div>
          </div>
        </div>
      </div>
      <div class="zv-cell zv-field">
        <div class="zv-cell__title zv-field__label"><span>复选框组</span></div>
        <div class="zv-cell__value zv-field__value">
          <div class="zv-field__body">
            <div class="zv-field__control zv-field__control--custom">
              <div class="zv-checkbox-group zv-checkbox-group--horizontal">
                <div role="checkbox" tabindex="0" aria-checked="false" class="zv-checkbox zv-checkbox--horizontal">
                  <div class="zv-checkbox__icon zv-checkbox__icon--square"><i class="zv-icon zv-icon-success">
                      <!----></i></div><span class="zv-checkbox__label">
            复选框 1
          </span>
                </div>
                <div role="checkbox" tabindex="0" aria-checked="false" class="zv-checkbox zv-checkbox--horizontal">
                  <div class="zv-checkbox__icon zv-checkbox__icon--square"><i class="zv-icon zv-icon-success">
                      <!----></i></div><span class="zv-checkbox__label">
            复选框 2
          </span>
                </div>
              </div>
            </div>
          </div>
        </div>
      </div>
      <div class="zv-cell zv-field">
        <div class="zv-cell__title zv-field__label"><span>单选框</span></div>
        <div class="zv-cell__value zv-field__value">
          <div class="zv-field__body">
            <div class="zv-field__control zv-field__control--custom">
              <div role="radiogroup" class="zv-radio-group zv-radio-group--horizontal">
                <div role="radio" tabindex="0" aria-checked="true" class="zv-radio zv-radio--horizontal">
                  <div class="zv-radio__icon zv-radio__icon--round zv-radio__icon--checked"><i class="zv-icon zv-icon-success">
                      <!----></i></div><span class="zv-radio__label">单选框 1</span>
                </div>
                <div role="radio" tabindex="-1" aria-checked="false" class="zv-radio zv-radio--horizontal">
                  <div class="zv-radio__icon zv-radio__icon--round"><i class="zv-icon zv-icon-success">
                      <!----></i></div><span class="zv-radio__label">单选框 2</span>
                </div>
              </div>
            </div>
          </div>
        </div>
      </div>
      <div class="zv-cell zv-field">
        <div class="zv-cell__title zv-field__label"><span>步进器</span></div>
        <div class="zv-cell__value zv-field__value">
          <div class="zv-field__body">
            <div class="zv-field__control zv-field__control--custom">
              <div class="zv-stepper"><button type="button" class="zv-stepper__minus zv-stepper__minus--disabled"></button><input type="text" role="spinbutton" inputmode="decimal" aria-valuemax="Infinity" aria-valuemin="1" aria-valuenow="1" class="zv-stepper__input"><button type="button" class="zv-stepper__plus"></button></div>
            </div>
          </div>
        </div>
      </div>
      <div class="zv-cell zv-field">
        <div class="zv-cell__title zv-field__label"><span>评分</span></div>
        <div class="zv-cell__value zv-field__value">
          <div class="zv-field__body">
            <div class="zv-field__control zv-field__control--custom">
              <div tabindex="0" role="radiogroup" class="zv-rate">
                <div role="radio" tabindex="0" aria-setsize="5" aria-posinset="1" aria-checked="true" class="zv-rate__item"><i data-score="1" class="zv-icon zv-icon-star zv-rate__icon zv-rate__icon--full">
                    <!----></i></div>
                <div role="radio" tabindex="0" aria-setsize="5" aria-posinset="2" aria-checked="true" class="zv-rate__item"><i data-score="2" class="zv-icon zv-icon-star zv-rate__icon zv-rate__icon--full">
                    <!----></i></div>
                <div role="radio" tabindex="0" aria-setsize="5" aria-posinset="3" aria-checked="true" class="zv-rate__item"><i data-score="3" class="zv-icon zv-icon-star zv-rate__icon zv-rate__icon--full">
                    <!----></i></div>
                <div role="radio" tabindex="0" aria-setsize="5" aria-posinset="4" aria-checked="false" class="zv-rate__item"><i data-score="4" class="zv-icon zv-icon-star-o zv-rate__icon">
                    <!----></i></div>
                <div role="radio" tabindex="0" aria-setsize="5" aria-posinset="5" aria-checked="false" class="zv-rate__item"><i data-score="5" class="zv-icon zv-icon-star-o zv-rate__icon">
                    <!----></i></div>
              </div>
            </div>
          </div>
        </div>
      </div>
      <div class="zv-cell zv-field">
        <div class="zv-cell__title zv-field__label"><span>滑块</span></div>
        <div class="zv-cell__value zv-field__value">
          <div class="zv-field__body">
            <div class="zv-field__control zv-field__control--custom">
              <div class="zv-slider">
                <div class="zv-slider__bar" style="width: 50%;">
                  <div role="slider" tabindex="0" aria-valuemin="0" aria-valuenow="50" aria-valuemax="100" aria-orientation="horizontal" class="zv-slider__button-wrapper">
                    <div class="zv-slider__button"></div>
                  </div>
                </div>
              </div>
            </div>
          </div>
        </div>
      </div>
      <div class="zv-cell zv-field">
        <div class="zv-cell__title zv-field__label"><span>文件上传</span></div>
        <div class="zv-cell__value zv-field__value">
          <div class="zv-field__body">
            <div class="zv-field__control zv-field__control--custom">
              <div class="zv-uploader">
                <div class="zv-uploader__wrapper">
                  <div class="zv-uploader__preview">
                    <div class="zv-image zv-uploader__preview-image"><img src="https://img.yzcdn.cn/vant/leaf.jpg" class="zv-image__img" style="object-fit: cover;">
                      <div class="zv-image__loading"><i class="zv-icon zv-icon-photo-o zv-image__loading-icon">
                          <!----></i></div>
                    </div><i class="zv-icon zv-icon-clear zv-uploader__preview-delete">
                      <!----></i>
                  </div>
                  <div class="zv-uploader__upload"><i class="zv-icon zv-icon-photograph zv-uploader__upload-icon">
                      <!----></i><input type="file" accept="image/*" class="zv-uploader__input"></div>
                </div>
              </div>
            </div>
          </div>
        </div>
      </div>
      <div class="zv-hairline--bottom">
        <div role="button" tabindex="0" class="zv-cell zv-cell--clickable zv-cell--borderless zv-field">
          <div class="zv-cell__title zv-field__label"><span>选择器</span></div>
          <div class="zv-cell__value zv-field__value">
            <div class="zv-field__body"><input type="text" name="picker" readonly="readonly" placeholder="点击选择城市" class="zv-field__control"></div>
          </div>
        </div>
        <!---->
      </div>
      <div class="zv-hairline--bottom">
        <div role="button" tabindex="0" class="zv-cell zv-cell--clickable zv-cell--borderless zv-field">
          <div class="zv-cell__title zv-field__label"><span>时间选择</span></div>
          <div class="zv-cell__value zv-field__value">
            <div class="zv-field__body"><input type="text" name="datetimePicker" readonly="readonly" placeholder="点击选择时间" class="zv-field__control"></div>
          </div>
        </div>
        <!---->
      </div>
      <div class="zv-hairline--bottom">
        <div role="button" tabindex="0" class="zv-cell zv-cell--clickable zv-cell--borderless zv-field">
          <div class="zv-cell__title zv-field__label"><span>地区选择</span></div>
          <div class="zv-cell__value zv-field__value">
            <div class="zv-field__body"><input type="text" name="area" readonly="readonly" placeholder="点击选择省市区" class="zv-field__control"></div>
          </div>
        </div>
        <!---->
      </div>
      <div>
        <div role="button" tabindex="0" class="zv-cell zv-cell--clickable zv-field">
          <div class="zv-cell__title zv-field__label"><span>日历</span></div>
          <div class="zv-cell__value zv-field__value">
            <div class="zv-field__body"><input type="text" name="calendar" readonly="readonly" placeholder="点击选择日期" class="zv-field__control"></div>
          </div>
        </div>
        <!---->
      </div>
      <div style="margin: 16px 16px 0px;"><button type="submit" class="zv-button zv-button--info zv-button--normal zv-button--block zv-button--round"><span class="zv-button__text">
        提交
      </span></button></div>
    </form>
  </div>
</div>
`;
