// Jest Snapshot v1, https://goo.gl/fbAQLP

exports[`failed event 1`] = `
<form class="zv-form">
  <div class="zv-cell zv-field zv-field--error">
    <div class="zv-cell__value zv-cell__value--alone zv-field__value">
      <div class="zv-field__body"><input type="text" name="A" class="zv-field__control"></div>
      <div class="zv-field__error-message">A failed</div>
    </div>
  </div>
  <div class="zv-cell zv-field zv-field--error">
    <div class="zv-cell__value zv-cell__value--alone zv-field__value">
      <div class="zv-field__body"><input type="text" name="B" class="zv-field__control"></div>
      <div class="zv-field__error-message">B failed</div>
    </div>
  </div> <button type="submit" class="zv-button zv-button--default zv-button--normal"></button>
</form>
`;
