// Jest Snapshot v1, https://goo.gl/fbAQLP

exports[`renders demo correctly 1`] = `
<div>
  <div>
    <div class="zv-hairline--top-bottom zv-tabbar zv-tabbar--fixed">
      <div class="zv-tabbar-item zv-tabbar-item--active">
        <div class="zv-tabbar-item__icon"><i class="zv-icon zv-icon-home-o">
            <!----></i>
          <!---->
        </div>
        <div class="zv-tabbar-item__text">标签</div>
      </div>
      <div class="zv-tabbar-item">
        <div class="zv-tabbar-item__icon"><i class="zv-icon zv-icon-search">
            <!----></i>
          <!---->
        </div>
        <div class="zv-tabbar-item__text">标签</div>
      </div>
      <div class="zv-tabbar-item">
        <div class="zv-tabbar-item__icon"><i class="zv-icon zv-icon-friends-o">
            <!----></i>
          <!---->
        </div>
        <div class="zv-tabbar-item__text">标签</div>
      </div>
      <div class="zv-tabbar-item">
        <div class="zv-tabbar-item__icon"><i class="zv-icon zv-icon-setting-o">
            <!----></i>
          <!---->
        </div>
        <div class="zv-tabbar-item__text">标签</div>
      </div>
    </div>
  </div>
  <div>
    <div class="zv-hairline--top-bottom zv-tabbar zv-tabbar--fixed">
      <div class="zv-tabbar-item zv-tabbar-item--active">
        <div class="zv-tabbar-item__icon"><i class="zv-icon zv-icon-home-o">
            <!----></i>
          <!---->
        </div>
        <div class="zv-tabbar-item__text">
          标签
        </div>
      </div>
      <div class="zv-tabbar-item">
        <div class="zv-tabbar-item__icon"><i class="zv-icon zv-icon-search">
            <!----></i>
          <!---->
        </div>
        <div class="zv-tabbar-item__text">
          标签
        </div>
      </div>
      <div class="zv-tabbar-item">
        <div class="zv-tabbar-item__icon"><i class="zv-icon zv-icon-friends-o">
            <!----></i>
          <!---->
        </div>
        <div class="zv-tabbar-item__text">
          标签
        </div>
      </div>
      <div class="zv-tabbar-item">
        <div class="zv-tabbar-item__icon"><i class="zv-icon zv-icon-setting-o">
            <!----></i>
          <!---->
        </div>
        <div class="zv-tabbar-item__text">
          标签
        </div>
      </div>
    </div>
  </div>
  <div>
    <div class="zv-hairline--top-bottom zv-tabbar zv-tabbar--fixed">
      <div class="zv-tabbar-item zv-tabbar-item--active">
        <div class="zv-tabbar-item__icon"><i class="zv-icon zv-icon-home-o">
            <!----></i>
          <!---->
        </div>
        <div class="zv-tabbar-item__text">标签</div>
      </div>
      <div class="zv-tabbar-item">
        <div class="zv-tabbar-item__icon"><i class="zv-icon zv-icon-search">
            <!----></i>
          <div class="zv-info zv-info--dot"></div>
        </div>
        <div class="zv-tabbar-item__text">标签</div>
      </div>
      <div class="zv-tabbar-item">
        <div class="zv-tabbar-item__icon"><i class="zv-icon zv-icon-friends-o">
            <!----></i>
          <div class="zv-info">5</div>
        </div>
        <div class="zv-tabbar-item__text">
          标签
        </div>
      </div>
      <div class="zv-tabbar-item">
        <div class="zv-tabbar-item__icon"><i class="zv-icon zv-icon-setting-o">
            <!----></i>
          <div class="zv-info">20</div>
        </div>
        <div class="zv-tabbar-item__text">
          标签
        </div>
      </div>
    </div>
  </div>
  <div>
    <div class="zv-hairline--top-bottom zv-tabbar zv-tabbar--fixed">
      <div class="zv-tabbar-item zv-tabbar-item--active">
        <div class="zv-tabbar-item__icon"><img src="https://img.yzcdn.cn/vant/user-active.png">
          <div class="zv-info">3</div>
        </div>
        <div class="zv-tabbar-item__text"><span>自定义</span></div>
      </div>
      <div class="zv-tabbar-item">
        <div class="zv-tabbar-item__icon"><i class="zv-icon zv-icon-search">
            <!----></i>
          <!---->
        </div>
        <div class="zv-tabbar-item__text">标签</div>
      </div>
      <div class="zv-tabbar-item">
        <div class="zv-tabbar-item__icon"><i class="zv-icon zv-icon-setting-o">
            <!----></i>
          <!---->
        </div>
        <div class="zv-tabbar-item__text">标签</div>
      </div>
    </div>
  </div>
  <div>
    <div class="zv-hairline--top-bottom zv-tabbar zv-tabbar--fixed">
      <div class="zv-tabbar-item zv-tabbar-item--active" style="color: rgb(7, 193, 96);">
        <div class="zv-tabbar-item__icon"><i class="zv-icon zv-icon-home-o">
            <!----></i>
          <!---->
        </div>
        <div class="zv-tabbar-item__text">标签</div>
      </div>
      <div class="zv-tabbar-item" style="color: rgb(0, 0, 0);">
        <div class="zv-tabbar-item__icon"><i class="zv-icon zv-icon-search">
            <!----></i>
          <!---->
        </div>
        <div class="zv-tabbar-item__text">标签</div>
      </div>
      <div class="zv-tabbar-item" style="color: rgb(0, 0, 0);">
        <div class="zv-tabbar-item__icon"><i class="zv-icon zv-icon-friends-o">
            <!----></i>
          <!---->
        </div>
        <div class="zv-tabbar-item__text">标签</div>
      </div>
      <div class="zv-tabbar-item" style="color: rgb(0, 0, 0);">
        <div class="zv-tabbar-item__icon"><i class="zv-icon zv-icon-setting-o">
            <!----></i>
          <!---->
        </div>
        <div class="zv-tabbar-item__text">标签</div>
      </div>
    </div>
  </div>
  <div>
    <div class="zv-hairline--top-bottom zv-tabbar zv-tabbar--fixed">
      <div class="zv-tabbar-item zv-tabbar-item--active">
        <div class="zv-tabbar-item__icon"><i class="zv-icon zv-icon-home-o">
            <!----></i>
          <!---->
        </div>
        <div class="zv-tabbar-item__text">标签1</div>
      </div>
      <div class="zv-tabbar-item">
        <div class="zv-tabbar-item__icon"><i class="zv-icon zv-icon-search">
            <!----></i>
          <!---->
        </div>
        <div class="zv-tabbar-item__text">标签2</div>
      </div>
      <div class="zv-tabbar-item">
        <div class="zv-tabbar-item__icon"><i class="zv-icon zv-icon-friends-o">
            <!----></i>
          <!---->
        </div>
        <div class="zv-tabbar-item__text">标签3</div>
      </div>
      <div class="zv-tabbar-item">
        <div class="zv-tabbar-item__icon"><i class="zv-icon zv-icon-setting-o">
            <!----></i>
          <!---->
        </div>
        <div class="zv-tabbar-item__text">标签4</div>
      </div>
    </div>
  </div>
</div>
`;
