// Jest Snapshot v1, https://goo.gl/fbAQLP

exports[`renders demo correctly 1`] = `
<div>
  <div>
    <div class="zv-cell-group zv-hairline--top-bottom">
      <div class="zv-cell">
        <div class="zv-cell__title"><span>单元格</span></div>
        <div class="zv-cell__value"><span>内容</span></div>
      </div>
      <div class="zv-cell">
        <div class="zv-cell__title"><span>单元格</span>
          <div class="zv-cell__label">描述信息</div>
        </div>
        <div class="zv-cell__value"><span>内容</span></div>
      </div>
    </div>
  </div>
  <div>
    <div class="zv-cell zv-cell--large">
      <div class="zv-cell__title"><span>单元格</span></div>
      <div class="zv-cell__value"><span>内容</span></div>
    </div>
    <div class="zv-cell zv-cell--large">
      <div class="zv-cell__title"><span>单元格</span>
        <div class="zv-cell__label">描述信息</div>
      </div>
      <div class="zv-cell__value"><span>内容</span></div>
    </div>
  </div>
  <div>
    <div class="zv-cell"><i class="zv-icon zv-icon-location-o zv-cell__left-icon">
        <!----></i>
      <div class="zv-cell__title"><span>单元格</span></div>
      <div class="zv-cell__value"><span>内容</span></div>
    </div>
  </div>
  <div>
    <div class="zv-cell">
      <div class="zv-cell__value zv-cell__value--alone"><span>内容</span></div>
    </div>
  </div>
  <div>
    <div role="button" tabindex="0" class="zv-cell zv-cell--clickable">
      <div class="zv-cell__title"><span>单元格</span></div><i class="zv-icon zv-icon-arrow zv-cell__right-icon">
        <!----></i>
    </div>
    <div role="button" tabindex="0" class="zv-cell zv-cell--clickable">
      <div class="zv-cell__title"><span>单元格</span></div>
      <div class="zv-cell__value"><span>内容</span></div><i class="zv-icon zv-icon-arrow zv-cell__right-icon">
        <!----></i>
    </div>
    <div role="button" tabindex="0" class="zv-cell zv-cell--clickable">
      <div class="zv-cell__title"><span>单元格</span></div>
      <div class="zv-cell__value"><span>内容</span></div><i class="zv-icon zv-icon-arrow-down zv-cell__right-icon">
        <!----></i>
    </div>
  </div>
  <div>
    <div role="button" tabindex="0" class="zv-cell zv-cell--clickable">
      <div class="zv-cell__title"><span>URL 跳转</span></div><i class="zv-icon zv-icon-arrow zv-cell__right-icon">
        <!----></i>
    </div>
    <div role="button" tabindex="0" class="zv-cell zv-cell--clickable">
      <div class="zv-cell__title"><span>路由跳转</span></div><i class="zv-icon zv-icon-arrow zv-cell__right-icon">
        <!----></i>
    </div>
  </div>
  <div>
    <div>
      <div class="zv-cell-group__title">分组 1</div>
      <div class="zv-cell-group zv-hairline--top-bottom">
        <div class="zv-cell">
          <div class="zv-cell__title"><span>单元格</span></div>
          <div class="zv-cell__value"><span>内容</span></div>
        </div>
      </div>
    </div>
    <div>
      <div class="zv-cell-group__title">分组 2</div>
      <div class="zv-cell-group zv-hairline--top-bottom">
        <div class="zv-cell">
          <div class="zv-cell__title"><span>单元格</span></div>
          <div class="zv-cell__value"><span>内容</span></div>
        </div>
      </div>
    </div>
  </div>
  <div>
    <div role="button" tabindex="0" class="zv-cell zv-cell--clickable">
      <div class="zv-cell__title"><span class="custom-title">单元格</span> <span class="zv-tag zv-tag--danger">标签</span></div>
      <div class="zv-cell__value"><span>内容</span></div><i class="zv-icon zv-icon-arrow zv-cell__right-icon">
        <!----></i>
    </div>
    <div class="zv-cell"><i class="zv-icon zv-icon-shop-o zv-cell__left-icon">
        <!----></i>
      <div class="zv-cell__title"><span>单元格</span></div><i class="zv-icon zv-icon-search" style="line-height: inherit;">
        <!----></i>
    </div>
  </div>
  <div>
    <div class="zv-cell zv-cell--center">
      <div class="zv-cell__title"><span>单元格</span>
        <div class="zv-cell__label">描述信息</div>
      </div>
      <div class="zv-cell__value"><span>内容</span></div>
    </div>
  </div>
</div>
`;
