// Jest Snapshot v1, https://goo.gl/fbAQLP

exports[`renders demo correctly 1`] = `
<div>
  <div><button class="zv-button zv-button--primary zv-button--normal"><span class="zv-button__text">
      弹出默认键盘
    </span></button>
    <div class="zv-number-keyboard zv-number-keyboard--default zv-number-keyboard--safe-area-inset-bottom" name="zv-slide-up">
      <div class="zv-number-keyboard__title zv-hairline--top"><span role="button" tabindex="0" class="zv-number-keyboard__close">完成</span></div>
      <div class="zv-number-keyboard__body"><i role="button" tabindex="0" class="zv-hairline zv-key">1</i><i role="button" tabindex="0" class="zv-hairline zv-key">2</i><i role="button" tabindex="0" class="zv-hairline zv-key">3</i><i role="button" tabindex="0" class="zv-hairline zv-key">4</i><i role="button" tabindex="0" class="zv-hairline zv-key">5</i><i role="button" tabindex="0" class="zv-hairline zv-key">6</i><i role="button" tabindex="0" class="zv-hairline zv-key">7</i><i role="button" tabindex="0" class="zv-hairline zv-key">8</i><i role="button" tabindex="0" class="zv-hairline zv-key">9</i><i role="button" tabindex="0" class="zv-hairline zv-key zv-key--gray zv-key--extra">.</i><i role="button" tabindex="0" class="zv-hairline zv-key">0</i><i role="button" tabindex="0" class="zv-hairline zv-key zv-key--gray zv-key--delete">删除</i></div>
    </div>
  </div>
  <div><button class="zv-button zv-button--info zv-button--normal"><span class="zv-button__text">
      弹出自定义键盘
    </span></button>
    <div class="zv-number-keyboard zv-number-keyboard--custom zv-number-keyboard--safe-area-inset-bottom" style="display: none;" name="zv-slide-up">
      <div class="zv-number-keyboard__body"><i role="button" tabindex="0" class="zv-hairline zv-key">1</i><i role="button" tabindex="0" class="zv-hairline zv-key">2</i><i role="button" tabindex="0" class="zv-hairline zv-key">3</i><i role="button" tabindex="0" class="zv-hairline zv-key">4</i><i role="button" tabindex="0" class="zv-hairline zv-key">5</i><i role="button" tabindex="0" class="zv-hairline zv-key">6</i><i role="button" tabindex="0" class="zv-hairline zv-key">7</i><i role="button" tabindex="0" class="zv-hairline zv-key">8</i><i role="button" tabindex="0" class="zv-hairline zv-key">9</i><i role="button" tabindex="0" class="zv-hairline zv-key zv-key--middle">0</i><i role="button" tabindex="0" class="zv-hairline zv-key zv-key--extra">.</i>
        <div class="zv-number-keyboard__sidebar"><i role="button" tabindex="0" class="zv-hairline zv-key zv-key--delete zv-key--big zv-key--gray zv-key--delete">删除</i><i role="button" tabindex="0" class="zv-hairline zv-key zv-key--blue zv-key--big zv-key--close">完成</i></div>
      </div>
    </div>
  </div>
  <div>
    <div role="button" tabindex="0" class="zv-cell zv-cell--clickable zv-field">
      <div class="zv-cell__value zv-cell__value--alone zv-field__value">
        <div class="zv-field__body"><input type="text" readonly="readonly" placeholder="点此输入" class="zv-field__control"></div>
      </div>
    </div>
    <div class="zv-number-keyboard zv-number-keyboard--default zv-number-keyboard--safe-area-inset-bottom" style="display: none;" name="zv-slide-up">
      <div class="zv-number-keyboard__body"><i role="button" tabindex="0" class="zv-hairline zv-key">1</i><i role="button" tabindex="0" class="zv-hairline zv-key">2</i><i role="button" tabindex="0" class="zv-hairline zv-key">3</i><i role="button" tabindex="0" class="zv-hairline zv-key">4</i><i role="button" tabindex="0" class="zv-hairline zv-key">5</i><i role="button" tabindex="0" class="zv-hairline zv-key">6</i><i role="button" tabindex="0" class="zv-hairline zv-key">7</i><i role="button" tabindex="0" class="zv-hairline zv-key">8</i><i role="button" tabindex="0" class="zv-hairline zv-key">9</i><i role="button" tabindex="0" class="zv-hairline zv-key zv-key--gray zv-key--extra"></i><i role="button" tabindex="0" class="zv-hairline zv-key">0</i><i role="button" tabindex="0" class="zv-hairline zv-key zv-key--gray zv-key--delete">删除</i></div>
    </div>
  </div>
  <div><button class="zv-button zv-button--primary zv-button--normal zv-button--plain"><span class="zv-button__text">
      弹出身份证号码键盘
    </span></button>
    <div class="zv-number-keyboard zv-number-keyboard--default zv-number-keyboard--safe-area-inset-bottom" style="display: none;" name="zv-slide-up">
      <div class="zv-number-keyboard__title zv-hairline--top"><span role="button" tabindex="0" class="zv-number-keyboard__close">完成</span></div>
      <div class="zv-number-keyboard__body"><i role="button" tabindex="0" class="zv-hairline zv-key">1</i><i role="button" tabindex="0" class="zv-hairline zv-key">2</i><i role="button" tabindex="0" class="zv-hairline zv-key">3</i><i role="button" tabindex="0" class="zv-hairline zv-key">4</i><i role="button" tabindex="0" class="zv-hairline zv-key">5</i><i role="button" tabindex="0" class="zv-hairline zv-key">6</i><i role="button" tabindex="0" class="zv-hairline zv-key">7</i><i role="button" tabindex="0" class="zv-hairline zv-key">8</i><i role="button" tabindex="0" class="zv-hairline zv-key">9</i><i role="button" tabindex="0" class="zv-hairline zv-key zv-key--gray zv-key--extra">X</i><i role="button" tabindex="0" class="zv-hairline zv-key">0</i><i role="button" tabindex="0" class="zv-hairline zv-key zv-key--gray zv-key--delete">删除</i></div>
    </div>
  </div>
  <div><button class="zv-button zv-button--info zv-button--normal zv-button--plain"><span class="zv-button__text">
      弹出自定义标题键盘
    </span></button>
    <div class="zv-number-keyboard zv-number-keyboard--default zv-number-keyboard--safe-area-inset-bottom" style="display: none;" name="zv-slide-up">
      <div class="zv-number-keyboard__title zv-hairline--top"><span>键盘标题</span><span role="button" tabindex="0" class="zv-number-keyboard__close">完成</span></div>
      <div class="zv-number-keyboard__body"><i role="button" tabindex="0" class="zv-hairline zv-key">1</i><i role="button" tabindex="0" class="zv-hairline zv-key">2</i><i role="button" tabindex="0" class="zv-hairline zv-key">3</i><i role="button" tabindex="0" class="zv-hairline zv-key">4</i><i role="button" tabindex="0" class="zv-hairline zv-key">5</i><i role="button" tabindex="0" class="zv-hairline zv-key">6</i><i role="button" tabindex="0" class="zv-hairline zv-key">7</i><i role="button" tabindex="0" class="zv-hairline zv-key">8</i><i role="button" tabindex="0" class="zv-hairline zv-key">9</i><i role="button" tabindex="0" class="zv-hairline zv-key zv-key--gray zv-key--extra">.</i><i role="button" tabindex="0" class="zv-hairline zv-key">0</i><i role="button" tabindex="0" class="zv-hairline zv-key zv-key--gray zv-key--delete">删除</i></div>
    </div>
  </div>
</div>
`;
