// Jest Snapshot v1, https://goo.gl/fbAQLP

exports[`extra-key slot 1`] = `
<div class="zv-number-keyboard zv-number-keyboard--default zv-number-keyboard--safe-area-inset-bottom" style="display: none;" name="zv-slide-up">
  <div class="zv-number-keyboard__body"><i role="button" tabindex="0" class="zv-hairline zv-key">1</i><i role="button" tabindex="0" class="zv-hairline zv-key">2</i><i role="button" tabindex="0" class="zv-hairline zv-key">3</i><i role="button" tabindex="0" class="zv-hairline zv-key">4</i><i role="button" tabindex="0" class="zv-hairline zv-key">5</i><i role="button" tabindex="0" class="zv-hairline zv-key">6</i><i role="button" tabindex="0" class="zv-hairline zv-key">7</i><i role="button" tabindex="0" class="zv-hairline zv-key">8</i><i role="button" tabindex="0" class="zv-hairline zv-key">9</i><i role="button" tabindex="0" class="zv-hairline zv-key zv-key--gray zv-key--extra">Custom Extra Key</i><i role="button" tabindex="0" class="zv-hairline zv-key">0</i><i role="button" tabindex="0" class="zv-hairline zv-key zv-key--gray zv-key--delete">删除</i></div>
</div>
`;

exports[`focus on key 1`] = `
<div class="zv-number-keyboard zv-number-keyboard--default zv-number-keyboard--safe-area-inset-bottom" style="display: none;" name="zv-slide-up">
  <div class="zv-number-keyboard__body"><i role="button" tabindex="0" class="zv-hairline zv-key zv-key--active">1</i><i role="button" tabindex="0" class="zv-hairline zv-key">2</i><i role="button" tabindex="0" class="zv-hairline zv-key">3</i><i role="button" tabindex="0" class="zv-hairline zv-key">4</i><i role="button" tabindex="0" class="zv-hairline zv-key">5</i><i role="button" tabindex="0" class="zv-hairline zv-key">6</i><i role="button" tabindex="0" class="zv-hairline zv-key">7</i><i role="button" tabindex="0" class="zv-hairline zv-key">8</i><i role="button" tabindex="0" class="zv-hairline zv-key">9</i><i role="button" tabindex="0" class="zv-hairline zv-key zv-key--gray zv-key--extra"></i><i role="button" tabindex="0" class="zv-hairline zv-key">0</i><i role="button" tabindex="0" class="zv-hairline zv-key zv-key--gray zv-key--delete">删除</i></div>
</div>
`;

exports[`focus on key 2`] = `
<div class="zv-number-keyboard zv-number-keyboard--default zv-number-keyboard--safe-area-inset-bottom" style="display: none;" name="zv-slide-up">
  <div class="zv-number-keyboard__body"><i role="button" tabindex="0" class="zv-hairline zv-key">1</i><i role="button" tabindex="0" class="zv-hairline zv-key">2</i><i role="button" tabindex="0" class="zv-hairline zv-key">3</i><i role="button" tabindex="0" class="zv-hairline zv-key">4</i><i role="button" tabindex="0" class="zv-hairline zv-key">5</i><i role="button" tabindex="0" class="zv-hairline zv-key">6</i><i role="button" tabindex="0" class="zv-hairline zv-key">7</i><i role="button" tabindex="0" class="zv-hairline zv-key">8</i><i role="button" tabindex="0" class="zv-hairline zv-key">9</i><i role="button" tabindex="0" class="zv-hairline zv-key zv-key--gray zv-key--extra"></i><i role="button" tabindex="0" class="zv-hairline zv-key">0</i><i role="button" tabindex="0" class="zv-hairline zv-key zv-key--gray zv-key--delete">删除</i></div>
</div>
`;

exports[`move and blur key 1`] = `
<div class="zv-number-keyboard zv-number-keyboard--default zv-number-keyboard--safe-area-inset-bottom" style="display: none;" name="zv-slide-up">
  <div class="zv-number-keyboard__body"><i role="button" tabindex="0" class="zv-hairline zv-key zv-key--active">1</i><i role="button" tabindex="0" class="zv-hairline zv-key">2</i><i role="button" tabindex="0" class="zv-hairline zv-key">3</i><i role="button" tabindex="0" class="zv-hairline zv-key">4</i><i role="button" tabindex="0" class="zv-hairline zv-key">5</i><i role="button" tabindex="0" class="zv-hairline zv-key">6</i><i role="button" tabindex="0" class="zv-hairline zv-key">7</i><i role="button" tabindex="0" class="zv-hairline zv-key">8</i><i role="button" tabindex="0" class="zv-hairline zv-key">9</i><i role="button" tabindex="0" class="zv-hairline zv-key zv-key--gray zv-key--extra"></i><i role="button" tabindex="0" class="zv-hairline zv-key">0</i><i role="button" tabindex="0" class="zv-hairline zv-key zv-key--gray zv-key--delete">删除</i></div>
</div>
`;

exports[`move and blur key 2`] = `
<div class="zv-number-keyboard zv-number-keyboard--default zv-number-keyboard--safe-area-inset-bottom" style="display: none;" name="zv-slide-up">
  <div class="zv-number-keyboard__body"><i role="button" tabindex="0" class="zv-hairline zv-key zv-key--active">1</i><i role="button" tabindex="0" class="zv-hairline zv-key">2</i><i role="button" tabindex="0" class="zv-hairline zv-key">3</i><i role="button" tabindex="0" class="zv-hairline zv-key">4</i><i role="button" tabindex="0" class="zv-hairline zv-key">5</i><i role="button" tabindex="0" class="zv-hairline zv-key">6</i><i role="button" tabindex="0" class="zv-hairline zv-key">7</i><i role="button" tabindex="0" class="zv-hairline zv-key">8</i><i role="button" tabindex="0" class="zv-hairline zv-key">9</i><i role="button" tabindex="0" class="zv-hairline zv-key zv-key--gray zv-key--extra"></i><i role="button" tabindex="0" class="zv-hairline zv-key">0</i><i role="button" tabindex="0" class="zv-hairline zv-key zv-key--gray zv-key--delete">删除</i></div>
</div>
`;

exports[`move and blur key 3`] = `
<div class="zv-number-keyboard zv-number-keyboard--default zv-number-keyboard--safe-area-inset-bottom" style="display: none;" name="zv-slide-up">
  <div class="zv-number-keyboard__body"><i role="button" tabindex="0" class="zv-hairline zv-key">1</i><i role="button" tabindex="0" class="zv-hairline zv-key">2</i><i role="button" tabindex="0" class="zv-hairline zv-key">3</i><i role="button" tabindex="0" class="zv-hairline zv-key">4</i><i role="button" tabindex="0" class="zv-hairline zv-key">5</i><i role="button" tabindex="0" class="zv-hairline zv-key">6</i><i role="button" tabindex="0" class="zv-hairline zv-key">7</i><i role="button" tabindex="0" class="zv-hairline zv-key">8</i><i role="button" tabindex="0" class="zv-hairline zv-key">9</i><i role="button" tabindex="0" class="zv-hairline zv-key zv-key--gray zv-key--extra"></i><i role="button" tabindex="0" class="zv-hairline zv-key">0</i><i role="button" tabindex="0" class="zv-hairline zv-key zv-key--gray zv-key--delete">删除</i></div>
</div>
`;

exports[`render title 1`] = `
<div class="zv-number-keyboard zv-number-keyboard--default zv-number-keyboard--safe-area-inset-bottom" style="display: none;" name="zv-slide-up">
  <div class="zv-number-keyboard__title zv-hairline--top"><span>Title</span><span role="button" tabindex="0" class="zv-number-keyboard__close">Close</span></div>
  <div class="zv-number-keyboard__body"><i role="button" tabindex="0" class="zv-hairline zv-key">1</i><i role="button" tabindex="0" class="zv-hairline zv-key">2</i><i role="button" tabindex="0" class="zv-hairline zv-key">3</i><i role="button" tabindex="0" class="zv-hairline zv-key">4</i><i role="button" tabindex="0" class="zv-hairline zv-key">5</i><i role="button" tabindex="0" class="zv-hairline zv-key">6</i><i role="button" tabindex="0" class="zv-hairline zv-key">7</i><i role="button" tabindex="0" class="zv-hairline zv-key">8</i><i role="button" tabindex="0" class="zv-hairline zv-key">9</i><i role="button" tabindex="0" class="zv-hairline zv-key zv-key--gray zv-key--extra"></i><i role="button" tabindex="0" class="zv-hairline zv-key">0</i><i role="button" tabindex="0" class="zv-hairline zv-key zv-key--gray zv-key--delete">删除</i></div>
</div>
`;

exports[`title-left slot 1`] = `
<div class="zv-number-keyboard zv-number-keyboard--default zv-number-keyboard--safe-area-inset-bottom" style="display: none;" name="zv-slide-up">
  <div class="zv-number-keyboard__title zv-hairline--top"><span class="zv-number-keyboard__title-left">Custom Title Left</span></div>
  <div class="zv-number-keyboard__body"><i role="button" tabindex="0" class="zv-hairline zv-key">1</i><i role="button" tabindex="0" class="zv-hairline zv-key">2</i><i role="button" tabindex="0" class="zv-hairline zv-key">3</i><i role="button" tabindex="0" class="zv-hairline zv-key">4</i><i role="button" tabindex="0" class="zv-hairline zv-key">5</i><i role="button" tabindex="0" class="zv-hairline zv-key">6</i><i role="button" tabindex="0" class="zv-hairline zv-key">7</i><i role="button" tabindex="0" class="zv-hairline zv-key">8</i><i role="button" tabindex="0" class="zv-hairline zv-key">9</i><i role="button" tabindex="0" class="zv-hairline zv-key zv-key--gray zv-key--extra"></i><i role="button" tabindex="0" class="zv-hairline zv-key">0</i><i role="button" tabindex="0" class="zv-hairline zv-key zv-key--gray zv-key--delete">删除</i></div>
</div>
`;
