// Jest Snapshot v1, https://goo.gl/fbAQLP

exports[`callback events 1`] = `
<div class="zv-popup zv-popup--round zv-popup--bottom zv-popup--safe-area-inset-bottom zv-action-sheet" name="zv-popup-slide-bottom"><button type="button" class="zv-action-sheet__item zv-hairline--top"><span class="zv-action-sheet__name">Option</span></button><button type="button" class="zv-action-sheet__item zv-action-sheet__item--disabled zv-hairline--top"><span class="zv-action-sheet__name">Option</span></button><button type="button" class="zv-action-sheet__item zv-action-sheet__item--loading zv-hairline--top">
    <div class="zv-loading zv-loading--circular"><span class="zv-loading__spinner zv-loading__spinner--circular" style="width: 20px; height: 20px;"><svg viewBox="25 25 50 50" class="zv-loading__circular"><circle cx="50" cy="50" r="20" fill="none"></circle></svg></span></div>
  </button><button type="button" class="zv-action-sheet__item zv-hairline--top"><span class="zv-action-sheet__name">Option</span><span class="zv-action-sheet__subname">Subname</span></button><button type="button" class="zv-action-sheet__cancel">Cancel</button></div>
`;

exports[`close-icon prop 1`] = `
<div class="zv-popup zv-popup--round zv-popup--bottom zv-popup--safe-area-inset-bottom zv-action-sheet" name="zv-popup-slide-bottom">
  <div class="zv-action-sheet__header">Title<i class="zv-icon zv-icon-cross zv-action-sheet__close">
      <!----></i></div>
</div>
`;

exports[`color option 1`] = `<div class="zv-popup zv-popup--round zv-popup--bottom zv-popup--safe-area-inset-bottom zv-action-sheet" name="zv-popup-slide-bottom"><button type="button" class="zv-action-sheet__item zv-hairline--top" style="color: red;"><span class="zv-action-sheet__name">Option</span></button></div>`;

exports[`description prop 1`] = `
<div class="zv-popup zv-popup--round zv-popup--bottom zv-popup--safe-area-inset-bottom zv-action-sheet" name="zv-popup-slide-bottom">
  <div class="zv-action-sheet__description">This is a description</div><button type="button" class="zv-action-sheet__item zv-hairline--top"><span class="zv-action-sheet__name">Option</span></button>
</div>
`;

exports[`disable lazy-render 1`] = `<div class="zv-popup zv-popup--round zv-popup--bottom zv-popup--safe-area-inset-bottom zv-action-sheet" style="display: none;" name="zv-popup-slide-bottom"><button type="button" class="zv-action-sheet__item zv-hairline--top"><span class="zv-action-sheet__name">Option</span></button><button type="button" class="zv-action-sheet__item zv-hairline--top"><span class="zv-action-sheet__name">Option</span></button><button type="button" class="zv-action-sheet__cancel">Cancel</button></div>`;

exports[`render title and default slot 1`] = `
<div class="zv-popup zv-popup--round zv-popup--bottom zv-popup--safe-area-inset-bottom zv-action-sheet" name="zv-popup-slide-bottom">
  <div class="zv-action-sheet__header">Title<i class="zv-icon zv-icon-cross zv-action-sheet__close">
      <!----></i></div>
  <div class="zv-action-sheet__content">Default</div>
</div>
`;

exports[`round prop 1`] = `<div class="zv-popup zv-popup--round zv-popup--bottom zv-popup--safe-area-inset-bottom zv-action-sheet" name="zv-popup-slide-bottom"><button type="button" class="zv-action-sheet__item zv-hairline--top"><span class="zv-action-sheet__name">Option</span></button></div>`;
