// Jest Snapshot v1, https://goo.gl/fbAQLP

exports[`renders demo correctly 1`] = `
<div>
  <div>
    <div>
      <div class="ca2-swipe-cell">
        <div class="ca2-swipe-cell__wrapper" style="transform: translate3d(0px, 0, 0); transition-duration: .6s;">
          <div class="ca2-swipe-cell__left"><button class="ca2-button ca2-button--primary ca2-button--normal ca2-button--square"><span class="ca2-button__text">选择</span></button></div>
          <div class="ca2-cell ca2-cell--borderless">
            <div class="ca2-cell__title"><span>单元格</span></div>
            <div class="ca2-cell__value"><span>内容</span></div>
          </div>
          <div class="ca2-swipe-cell__right"><button class="ca2-button ca2-button--danger ca2-button--normal ca2-button--square"><span class="ca2-button__text">删除</span></button> <button class="ca2-button ca2-button--primary ca2-button--normal ca2-button--square"><span class="ca2-button__text">收藏</span></button></div>
        </div>
      </div>
    </div>
    <div>
      <div class="ca2-swipe-cell">
        <div class="ca2-swipe-cell__wrapper" style="transform: translate3d(0px, 0, 0); transition-duration: .6s;">
          <div class="ca2-card">
            <div class="ca2-card__header"><a class="ca2-card__thumb">
                <div class="ca2-image" style="width: 100%; height: 100%;"><img src="https://img.yzcdn.cn/vant/ipad.jpeg" class="ca2-image__img" style="object-fit: cover;">
                  <div class="ca2-image__loading"><i class="ca2-icon ca2-icon-photo-o ca2-image__loading-icon">
                      <!----></i></div>
                </div>
              </a>
              <div class="ca2-card__content">
                <div>
                  <div class="ca2-card__title ca2-multi-ellipsis--l2">商品标题</div>
                  <div class="ca2-card__desc ca2-ellipsis">描述信息</div>
                </div>
                <div class="ca2-card__bottom">
                  <div class="ca2-card__price">
                    <div><span class="ca2-card__price-currency">¥</span><span class="ca2-card__price-integer">2</span>.<span class="ca2-card__price-decimal">00</span></div>
                  </div>
                  <div class="ca2-card__num">x2</div>
                </div>
              </div>
            </div>
          </div>
          <div class="ca2-swipe-cell__right"><button class="delete-button ca2-button ca2-button--danger ca2-button--normal ca2-button--square"><span class="ca2-button__text">删除</span></button></div>
        </div>
      </div>
    </div>
    <div>
      <div class="ca2-swipe-cell">
        <div class="ca2-swipe-cell__wrapper" style="transform: translate3d(0px, 0, 0); transition-duration: .6s;">
          <div class="ca2-swipe-cell__left"><button class="ca2-button ca2-button--primary ca2-button--normal ca2-button--square"><span class="ca2-button__text">选择</span></button></div>
          <div class="ca2-cell ca2-cell--borderless">
            <div class="ca2-cell__title"><span>单元格</span></div>
            <div class="ca2-cell__value"><span>内容</span></div>
          </div>
          <div class="ca2-swipe-cell__right"><button class="ca2-button ca2-button--danger ca2-button--normal ca2-button--square"><span class="ca2-button__text">删除</span></button></div>
        </div>
      </div>
    </div>
  </div>
</div>
`;
