// Jest Snapshot v1, https://goo.gl/fbAQLP

exports[`renders demo correctly 1`] = `
<div>
  <div>
    <div class="ca2-uploader">
      <div class="ca2-uploader__wrapper">
        <div class="ca2-uploader__upload"><i class="ca2-icon ca2-icon-photograph ca2-uploader__upload-icon">
            <!----></i><input type="file" accept="image/*" class="ca2-uploader__input"></div>
      </div>
    </div>
  </div>
  <div>
    <div class="ca2-uploader">
      <div class="ca2-uploader__wrapper">
        <div class="ca2-uploader__preview">
          <div class="ca2-image ca2-uploader__preview-image"><img src="https://img.yzcdn.cn/vant/leaf.jpg" class="ca2-image__img" style="object-fit: cover;">
            <div class="ca2-image__loading"><i class="ca2-icon ca2-icon-photo-o ca2-image__loading-icon">
                <!----></i></div>
          </div><i class="ca2-icon ca2-icon-clear ca2-uploader__preview-delete">
            <!----></i>
        </div>
        <div class="ca2-uploader__preview">
          <div class="ca2-image ca2-uploader__preview-image"><img src="https://img.yzcdn.cn/vant/tree.jpg" class="ca2-image__img" style="object-fit: cover;">
            <div class="ca2-image__loading"><i class="ca2-icon ca2-icon-photo-o ca2-image__loading-icon">
                <!----></i></div>
          </div><i class="ca2-icon ca2-icon-clear ca2-uploader__preview-delete">
            <!----></i>
        </div>
        <div class="ca2-uploader__upload"><i class="ca2-icon ca2-icon-photograph ca2-uploader__upload-icon">
            <!----></i><input multiple="multiple" type="file" accept="*" class="ca2-uploader__input"></div>
      </div>
    </div>
  </div>
  <div>
    <div class="ca2-uploader">
      <div class="ca2-uploader__wrapper ca2-uploader__wrapper--disabled">
        <div class="ca2-uploader__upload"><i class="ca2-icon ca2-icon-photograph ca2-uploader__upload-icon">
            <!----></i><input type="file" accept="image/*" disabled="disabled" class="ca2-uploader__input"></div>
      </div>
    </div>
  </div>
  <div>
    <div class="ca2-uploader">
      <div class="ca2-uploader__wrapper">
        <div class="ca2-uploader__preview">
          <div class="ca2-image ca2-uploader__preview-image"><img src="https://img.yzcdn.cn/vant/leaf.jpg" class="ca2-image__img" style="object-fit: cover;">
            <div class="ca2-image__loading"><i class="ca2-icon ca2-icon-photo-o ca2-image__loading-icon">
                <!----></i></div>
          </div>
          <div class="ca2-uploader__mask">
            <div class="ca2-loading ca2-loading--circular ca2-uploader__loading"><span class="ca2-loading__spinner ca2-loading__spinner--circular"><svg viewBox="25 25 50 50" class="ca2-loading__circular"><circle cx="50" cy="50" r="20" fill="none"></circle></svg></span></div>
            <div class="ca2-uploader__mask-message">上传中...</div>
          </div>
        </div>
        <div class="ca2-uploader__preview">
          <div class="ca2-image ca2-uploader__preview-image"><img src="https://img.yzcdn.cn/vant/tree.jpg" class="ca2-image__img" style="object-fit: cover;">
            <div class="ca2-image__loading"><i class="ca2-icon ca2-icon-photo-o ca2-image__loading-icon">
                <!----></i></div>
          </div>
          <div class="ca2-uploader__mask"><i class="ca2-icon ca2-icon-warning-o ca2-uploader__mask-icon">
              <!----></i>
            <div class="ca2-uploader__mask-message">上传失败</div>
          </div><i class="ca2-icon ca2-icon-clear ca2-uploader__preview-delete">
            <!----></i>
        </div>
        <div class="ca2-uploader__upload"><i class="ca2-icon ca2-icon-photograph ca2-uploader__upload-icon">
            <!----></i><input type="file" accept="image/*" class="ca2-uploader__input"></div>
      </div>
    </div>
  </div>
  <div>
    <div class="ca2-uploader">
      <div class="ca2-uploader__wrapper">
        <div class="ca2-uploader__preview">
          <div class="ca2-image ca2-uploader__preview-image"><img src="https://img.yzcdn.cn/vant/sand.jpg" class="ca2-image__img" style="object-fit: cover;">
            <div class="ca2-image__loading"><i class="ca2-icon ca2-icon-photo-o ca2-image__loading-icon">
                <!----></i></div>
          </div><i class="ca2-icon ca2-icon-clear ca2-uploader__preview-delete">
            <!----></i>
        </div>
        <div class="ca2-uploader__upload"><i class="ca2-icon ca2-icon-photograph ca2-uploader__upload-icon">
            <!----></i><input multiple="multiple" type="file" accept="image/*" class="ca2-uploader__input"></div>
      </div>
    </div>
  </div>
  <div>
    <div class="ca2-uploader">
      <div class="ca2-uploader__wrapper">
        <div class="ca2-uploader__upload"><i class="ca2-icon ca2-icon-photograph ca2-uploader__upload-icon">
            <!----></i><input multiple="multiple" type="file" accept="image/*" class="ca2-uploader__input"></div>
      </div>
    </div>
  </div>
  <div>
    <div class="ca2-uploader">
      <div class="ca2-uploader__wrapper">
        <div class="ca2-uploader__input-wrapper"><button class="ca2-button ca2-button--primary ca2-button--normal"><i class="ca2-icon ca2-icon-photo ca2-button__icon">
              <!----></i><span class="ca2-button__text">
        上传文件
      </span></button><input type="file" accept="image/*" class="ca2-uploader__input"></div>
      </div>
    </div>
  </div>
  <div>
    <div class="ca2-uploader">
      <div class="ca2-uploader__wrapper">
        <div class="ca2-uploader__upload"><i class="ca2-icon ca2-icon-photograph ca2-uploader__upload-icon">
            <!----></i><input type="file" accept="image/*" class="ca2-uploader__input"></div>
      </div>
    </div>
  </div>
</div>
`;
